<html>
<body>
<pre>
<h1>µVision Build Log</h1>
<h2>Tool Versions:</h2>
IDE-Version: ¦ÌVision V5.27.1.0
Copyright (C) 2019 ARM Ltd and ARM Germany GmbH. All rights reserved.
License Information: 111 111, 111, LIC=QF82M-X84R0-WFRI7-EGQNW-MG393-QY7M5
 
Tool Versions:
Toolchain:       MDK-ARM Plus  Version: 5.24.1
Toolchain Path:  E:\Keil_v5\ARM\ARMCC\Bin
C Compiler:      Armcc.exe V5.06 update 5 (build 528)
Assembler:       Armasm.exe V5.06 update 5 (build 528)
Linker/Locator:  ArmLink.exe V5.06 update 5 (build 528)
Library Manager: ArmAr.exe V5.06 update 5 (build 528)
Hex Converter:   FromElf.exe V5.06 update 5 (build 528)
CPU DLL:         SARMCM3.DLL V5.24.1
Dialog DLL:      DCM.DLL V1.16.0.0
Target DLL:      UL2CM3.DLL V1.160.3.0
Dialog DLL:      TCM.DLL V1.32.0.0
 
<h2>Project:</h2>
E:\Desktop\keilproject\beep07\USER\beep07.uvprojx
Project File Date:  07/04/2025

<h2>Output:</h2>
*** Using Compiler 'V5.06 update 5 (build 528)', folder: 'E:\Keil_v5\ARM\ARMCC\Bin'
Rebuild target 'beep07'
assembling startup_stm32f10x_hd.s...
compiling core_cm3.c...
compiling stm32f10x_dbgmcu.c...
compiling stm32f10x_bkp.c...
compiling stm32f10x_can.c...
compiling stm32f10x_cec.c...
compiling misc.c...
compiling stm32f10x_crc.c...
compiling stm32f10x_adc.c...
compiling stm32f10x_dac.c...
compiling stm32f10x_dma.c...
compiling stm32f10x_exti.c...
compiling stm32f10x_flash.c...
compiling stm32f10x_fsmc.c...
compiling stm32f10x_i2c.c...
compiling stm32f10x_gpio.c...
compiling stm32f10x_iwdg.c...
compiling stm32f10x_pwr.c...
compiling stm32f10x_rcc.c...
compiling stm32f10x_rtc.c...
compiling stm32f10x_sdio.c...
compiling stm32f10x_spi.c...
compiling stm32f10x_tim.c...
compiling stm32f10x_usart.c...
compiling stm32f10x_wwdg.c...
compiling beep.c...
..\HARDWARE\beep.h(7): warning:  #1-D: last line of file ends without a newline
  #endif
..\HARDWARE\beep.c(18): warning:  #1-D: last line of file ends without a newline
  }
..\HARDWARE\beep.c: 2 warnings, 0 errors
compiling led.c...
led.h(8): warning:  #1-D: last line of file ends without a newline
  #endif
led.c(20): warning:  #1-D: last line of file ends without a newline
  }
led.c: 2 warnings, 0 errors
compiling key.c...
key.h(12): warning:  #1-D: last line of file ends without a newline
  #endif
key.c(39): warning:  #1-D: last line of file ends without a newline
  }
key.c: 2 warnings, 0 errors
compiling delay.c...
compiling usart.c...
compiling stm32f10x_it.c...
compiling system_stm32f10x.c...
compiling main.c...
led.h(8): warning:  #1-D: last line of file ends without a newline
  #endif
key.h(12): warning:  #1-D: last line of file ends without a newline
  #endif
..\HARDWARE\beep.h(7): warning:  #1-D: last line of file ends without a newline
  #endif
main.c(69): warning:  #1-D: last line of file ends without a newline
  }
main.c: 4 warnings, 0 errors
compiling sys.c...
linking...
Program Size: Code=1912 RO-data=336 RW-data=40 ZI-data=1832  
FromELF: creating hex file...
".\beep07.axf" - 0 Error(s), 10 Warning(s).

<h2>Software Packages used:</h2>

Package Vendor: Keil
                http://www.keil.com/pack/Keil.STM32F1xx_DFP.2.2.0.pack
                Keil.STM32F1xx_DFP.2.2.0
                STMicroelectronics STM32F1 Series Device Support, Drivers and Examples

<h2>Collection of Component include folders:</h2>
  .\RTE\_beep07
  E:\Keil_v5\ARM\PACK\Keil\STM32F1xx_DFP\2.2.0\Device\Include

<h2>Collection of Component Files used:</h2>
Build Time Elapsed:  00:00:01
</pre>
</body>
</html>
